// Vitest Snapshot v1, https://vitest.dev/guide/snapshot.html

exports[`StreamingBitmap LED dot snapshots > accent text renders with A dots 1`] = `
"........................................
AA..A.AAAAA.A.A.A..AAA..................
A.A.A.A.....A.A.A.A...A.................
A...A.A.....A.A.A.A.....................
A..AA.A.....A.A.A.A.....................
A...A.AAAA..A.A.A.......................
A...A.A.....A.A.A.....A.................
A...A.A......A.A......A.................
A...A.A......A.A..A...A.................
A...A.AAAAA..A.A...AAA..................
........................................
........................................
........................................"
`;

exports[`StreamingBitmap LED dot snapshots > leading blank area is all dots-off 1`] = `
"....................
....................
....................
....................
....................
....................
....................
....................
....................
....................
....................
....................
...................."
`;

exports[`StreamingBitmap LED dot snapshots > mixed segments render in correct order 1`] = `
".........................................RR.....................................
..A...A.....AAAAA.AAAA..AAAAA..........RRRRRR..........###..##..#.#####..###....
..A...A.....A.....A...A...A...........RRRRRRRR..........#...#.#.#.#.....#...#...
.A.A..A.....A.....A...A...A...........RRRRRRRR..........#...#...#.#.....#...#...
.A.A..A.....A.....A...A...A..........RRRRRRRRRR.........#...#..##.#.....#...#...
.A.A..A.....AAAA..AAAA....A..........RRRRRRRRRR.........#...#...#.####..#...#...
AAAAA.A.....A.....A.A.....A...........RRRRRRRR..........#...#...#.#.....#...#...
A...A.A.....A.....A..A....A...........RRRRRRRR..........#...#...#.#.....#...#...
A...A.A.....A.....A...A...A............RRRRRR...........#...#...#.#.....#...#...
A...A.AAAAA.AAAAA.A...A...A..............RR............###..#...#.#......###....
................................................................................
................................................................................
................................................................................"
`;

exports[`StreamingBitmap LED dot snapshots > normal text renders consistently at text start 1`] = `
"........................................
#...#.#####.#.....#......###............
#...#.#.....#.....#.....#...#...........
#...#.#.....#.....#.....#...#...........
#...#.#.....#.....#.....#...#...........
#####.####..#.....#.....#...#...........
#...#.#.....#.....#.....#...#...........
#...#.#.....#.....#.....#...#...........
#...#.#.....#.....#.....#...#...........
#...#.#####.#####.#####..###............
........................................
........................................
........................................"
`;

exports[`StreamingBitmap LED dot snapshots > sep text renders with R dots 1`] = `
"...........RR.......
.........RRRRRR.....
........RRRRRRRR....
........RRRRRRRR....
.......RRRRRRRRRR...
.......RRRRRRRRRR...
........RRRRRRRR....
........RRRRRRRR....
.........RRRRRR.....
...........RR.......
....................
....................
...................."
`;
